// Jest Snapshot v1, https://goo.gl/fbAQLP

exports[`renders the CakeImage component correctly 1`] = `
<div>
  <div
    class="cakeImage"
  >
    <img
      src="https://assets.wsimgs.com/wsimgs/rk/images/dp/wcm/202038/0588/img36o.jpg"
    />
  </div>
</div>
`;
